
⚡ [NINJA TRACKER] Saare MEGA LOOT targets check kar rahe hain...
🎯 Total 3 active targets mile. Ek-ek karke sabko check kar rahe hain...

🔍 Scanning Target: 'IPHONE 15, IPHONE 16, APPLE WATCH SERIES, MACBOOK AIR M1' (Min 50% DROP)
🔍 Opening chrome Browser...
🌐 Flipkart par jaa rahe hain...
⏬ Page scroll kar rahe hain...
📦 Products extract kar rahe hain...

⏩ Skip Kiya: Rating=4.5★, Discount=0%
⏩ Skip Kiya: Rating=4.6★, Discount=5%
⏩ Skip Kiya: Rating=4.8★, Discount=4%
⏩ Skip Kiya: Rating=4.6★, Discount=0%
⏩ Skip Kiya: Rating=4.7★, Discount=4%
⏩ Skip Kiya: Rating=4.7★, Discount=2%

✅ Scraping Complete!
📉 Deal nahi mili.

🔍 Scanning Target: 'PUMA SNEAKERS MEN, AMERICAN TOURISTER TROLLEY, LEVIS JEANS MEN, NOISE SMARTWATCH, JBL BLUETOOTH SPEAKER, ADIDAS SNEAKERS FOR MEN, FIREBOLTT WATCH, ZEMEI TRIMMERS' (Min 91% DROP)
🔍 Opening chrome Browser...
🌐 Flipkart par jaa rahe hain...
⏬ Page scroll kar rahe hain...
📦 Products extract kar rahe hain...

⏩ Skip Kiya: Rating=0.0★, Discount=77%
⏩ Skip Kiya: Rating=0.0★, Discount=83%
⏩ Skip Kiya: Rating=0.0★, Discount=87%
⏩ Skip Kiya: Rating=0.0★, Discount=71%
⏩ Skip Kiya: Rating=0.0★, Discount=75%
⏩ Skip Kiya: Rating=0.0★, Discount=64%

✅ Scraping Complete!
📉 Deal nahi mili.

🔍 Scanning Target: 'MIXER GRINDERS, INDUCTION COOKERS, ELECTRIC KETTLES' (Min 95% DROP)
🔍 Opening chrome Browser...
🌐 Flipkart par jaa rahe hain...
⏬ Page scroll kar rahe hain...
📦 Products extract kar rahe hain...

⏩ Skip Kiya: Rating=3.8★, Discount=99%
⏩ Skip Kiya: Rating=0.0★, Discount=50%
⏩ Skip Kiya: Rating=3.6★, Discount=56%
⏩ Skip Kiya: Rating=0.0★, Discount=56%
⏩ Skip Kiya: Rating=3.4★, Discount=61%
⏩ Skip Kiya: Rating=3.3★, Discount=61%

✅ Scraping Complete!
📉 Deal nahi mili.


==================================================
📦 [ROUND 2/4] : DATABASE ROTATION
==================================================

🔄 --- ATTEMPT 1/3 ---
🎲 Database ne chuna: 'sandels'
📊 Match: FASHION (Min 72% Off)
🔍 Opening chrome Browser...
🌐 Flipkart par jaa rahe hain...
⏬ Page scroll kar rahe hain...
📦 Products extract kar rahe hain...

⏩ Skip Kiya: Rating=0.0★, Discount=81%
⏩ Skip Kiya: Rating=0.0★, Discount=72%
⏩ Skip Kiya: Rating=0.0★, Discount=27%
⏩ Skip Kiya: Rating=0.0★, Discount=40%
🔥 Loot Deal Select Hui (Hidden Rating): BRUTON...
⏩ Skip Kiya: Rating=0.0★, Discount=81%

✅ Scraping Complete!
🕵️‍♂️ Secret Agent ko link bhej rahe hain...
🕵️‍♂️ Agent: Sending link and waiting for reply...
✅ Affiliate Link Received: https://fkrt.co/V1Wv9z
✅ Agent ne link successfully convert kar diya!
🔍 Checking Token... (Start: 8538243785...)
✅ Telegram par VIP Photo/Message chala gaya! (Channel: @offerr_zone_40)

🔄 --- ATTEMPT 2/3 ---
🎲 Database ne chuna: 'perfumes'
📊 Match: FASHION (Min 72% Off)
🔍 Opening chrome Browser...
🌐 Flipkart par jaa rahe hain...
⏬ Page scroll kar rahe hain...
📦 Products extract kar rahe hain...

⏩ Skip Kiya: Rating=4.2★, Discount=52%
⏩ Skip Kiya: Rating=4.3★, Discount=50%
⏩ Skip Kiya: Rating=4.3★, Discount=16%
⏩ Skip Kiya: Rating=4.4★, Discount=25%
⏩ Skip Kiya: Rating=4.3★, Discount=30%
⏩ Skip Kiya: Rating=4.3★, Discount=41%

✅ Scraping Complete!

🔄 --- ATTEMPT 3/3 ---
🎲 Database ne chuna: 'top'
📊 Match: FASHION (Min 72% Off)
🔍 Opening chrome Browser...
🌐 Flipkart par jaa rahe hain...
⏬ Page scroll kar rahe hain...
📦 Products extract kar rahe hain...

⏩ Skip Kiya: Rating=0.0★, Discount=77%
⏩ Skip Kiya: Rating=0.0★, Discount=78%
⏩ Skip Kiya: Rating=0.0★, Discount=66%
⏩ Skip Kiya: Rating=0.0★, Discount=73%
⏩ Skip Kiya: Rating=0.0★, Discount=63%
⏩ Skip Kiya: Rating=0.0★, Discount=0%

✅ Scraping Complete!

⏳ Round 2/4 complete. Next in 15 min...

⚡ [NINJA TRACKER] Saare MEGA LOOT targets check kar rahe hain...
🎯 Total 3 active targets mile. Ek-ek karke sabko check kar rahe hain...

🔍 Scanning Target: 'IPHONE 15, IPHONE 16, APPLE WATCH SERIES, MACBOOK AIR M1' (Min 50% DROP)
🔍 Opening chrome Browser...
🌐 Flipkart par jaa rahe hain...
⏬ Page scroll kar rahe hain...
📦 Products extract kar rahe hain...

⏩ Skip Kiya: Rating=4.5★, Discount=0%
⏩ Skip Kiya: Rating=4.6★, Discount=5%
⏩ Skip Kiya: Rating=4.8★, Discount=4%
⏩ Skip Kiya: Rating=4.6★, Discount=0%
⏩ Skip Kiya: Rating=4.7★, Discount=4%
⏩ Skip Kiya: Rating=4.7★, Discount=2%

✅ Scraping Complete!
📉 Deal nahi mili.

🔍 Scanning Target: 'PUMA SNEAKERS MEN, AMERICAN TOURISTER TROLLEY, LEVIS JEANS MEN, NOISE SMARTWATCH, JBL BLUETOOTH SPEAKER, ADIDAS SNEAKERS FOR MEN, FIREBOLTT WATCH, ZEMEI TRIMMERS' (Min 91% DROP)
🔍 Opening chrome Browser...
🌐 Flipkart par jaa rahe hain...
⏬ Page scroll kar rahe hain...
📦 Products extract kar rahe hain...

⏩ Skip Kiya: Rating=0.0★, Discount=77%
⏩ Skip Kiya: Rating=0.0★, Discount=83%
⏩ Skip Kiya: Rating=0.0★, Discount=87%
⏩ Skip Kiya: Rating=0.0★, Discount=71%
⏩ Skip Kiya: Rating=0.0★, Discount=75%
⏩ Skip Kiya: Rating=0.0★, Discount=87%

✅ Scraping Complete!
📉 Deal nahi mili.

🔍 Scanning Target: 'MIXER GRINDERS, INDUCTION COOKERS, ELECTRIC KETTLES' (Min 95% DROP)
🔍 Opening chrome Browser...
🌐 Flipkart par jaa rahe hain...
⏬ Page scroll kar rahe hain...
📦 Products extract kar rahe hain...

⏩ Skip Kiya: Rating=3.8★, Discount=99%
⏩ Skip Kiya: Rating=0.0★, Discount=50%
⏩ Skip Kiya: Rating=3.6★, Discount=56%
⏩ Skip Kiya: Rating=0.0★, Discount=56%
⏩ Skip Kiya: Rating=3.4★, Discount=61%
⏩ Skip Kiya: Rating=3.3★, Discount=61%

✅ Scraping Complete!
📉 Deal nahi mili.


⚡ [NINJA TRACKER] Saare MEGA LOOT targets check kar rahe hain...
🎯 Total 3 active targets mile. Ek-ek karke sabko check kar rahe hain...

🔍 Scanning Target: 'IPHONE 15, IPHONE 16, APPLE WATCH SERIES, MACBOOK AIR M1' (Min 50% DROP)
🔍 Opening chrome Browser...
🌐 Flipkart par jaa rahe hain...
⏬ Page scroll kar rahe hain...
📦 Products extract kar rahe hain...

⏩ Skip Kiya: Rating=4.7★, Discount=2%
⏩ Skip Kiya: Rating=0.0★, Discount=0%
⏩ Skip Kiya: Rating=4.7★, Discount=4%
⏩ Skip Kiya: Rating=4.7★, Discount=2%
⏩ Skip Kiya: Rating=4.7★, Discount=4%
⏩ Skip Kiya: Rating=4.7★, Discount=2%

✅ Scraping Complete!
📉 Deal nahi mili.

🔍 Scanning Target: 'PUMA SNEAKERS MEN, AMERICAN TOURISTER TROLLEY, LEVIS JEANS MEN, NOISE SMARTWATCH, JBL BLUETOOTH SPEAKER, ADIDAS SNEAKERS FOR MEN, FIREBOLTT WATCH, ZEMEI TRIMMERS' (Min 91% DROP)
🔍 Opening chrome Browser...
🌐 Flipkart par jaa rahe hain...
⏬ Page scroll kar rahe hain...
📦 Products extract kar rahe hain...

⏩ Skip Kiya: Rating=0.0★, Discount=77%
⏩ Skip Kiya: Rating=0.0★, Discount=83%
⏩ Skip Kiya: Rating=0.0★, Discount=75%
⏩ Skip Kiya: Rating=0.0★, Discount=84%
⏩ Skip Kiya: Rating=0.0★, Discount=87%
⏩ Skip Kiya: Rating=0.0★, Discount=83%

✅ Scraping Complete!
📉 Deal nahi mili.

🔍 Scanning Target: 'MIXER GRINDERS, INDUCTION COOKERS, ELECTRIC KETTLES' (Min 95% DROP)
🔍 Opening chrome Browser...
🌐 Flipkart par jaa rahe hain...
⏬ Page scroll kar rahe hain...
📦 Products extract kar rahe hain...

⏩ Skip Kiya: Rating=3.8★, Discount=99%
⏩ Skip Kiya: Rating=0.0★, Discount=50%
⏩ Skip Kiya: Rating=3.6★, Discount=56%
⏩ Skip Kiya: Rating=0.0★, Discount=56%
⏩ Skip Kiya: Rating=3.4★, Discount=61%
⏩ Skip Kiya: Rating=3.3★, Discount=61%

✅ Scraping Complete!
📉 Deal nahi mili.


⚡ [NINJA TRACKER] Saare MEGA LOOT targets check kar rahe hain...
🎯 Total 3 active targets mile. Ek-ek karke sabko check kar rahe hain...

🔍 Scanning Target: 'IPHONE 15, IPHONE 16, APPLE WATCH SERIES, MACBOOK AIR M1' (Min 50% DROP)
🔍 Opening chrome Browser...
🌐 Flipkart par jaa rahe hain...
⏬ Page scroll kar rahe hain...
📦 Products extract kar rahe hain...

⏩ Skip Kiya: Rating=4.7★, Discount=2%
⏩ Skip Kiya: Rating=0.0★, Discount=0%
⏩ Skip Kiya: Rating=4.7★, Discount=4%
⏩ Skip Kiya: Rating=4.7★, Discount=2%
⏩ Skip Kiya: Rating=4.7★, Discount=4%
⏩ Skip Kiya: Rating=4.7★, Discount=2%

✅ Scraping Complete!
📉 Deal nahi mili.

🔍 Scanning Target: 'PUMA SNEAKERS MEN, AMERICAN TOURISTER TROLLEY, LEVIS JEANS MEN, NOISE SMARTWATCH, JBL BLUETOOTH SPEAKER, ADIDAS SNEAKERS FOR MEN, FIREBOLTT WATCH, ZEMEI TRIMMERS' (Min 91% DROP)
🔍 Opening chrome Browser...
🌐 Flipkart par jaa rahe hain...
⏬ Page scroll kar rahe hain...
📦 Products extract kar rahe hain...

⏩ Skip Kiya: Rating=0.0★, Discount=77%
⏩ Skip Kiya: Rating=0.0★, Discount=83%
⏩ Skip Kiya: Rating=0.0★, Discount=87%
⏩ Skip Kiya: Rating=0.0★, Discount=78%
⏩ Skip Kiya: Rating=0.0★, Discount=75%
⏩ Skip Kiya: Rating=0.0★, Discount=64%

✅ Scraping Complete!
📉 Deal nahi mili.

🔍 Scanning Target: 'MIXER GRINDERS, INDUCTION COOKERS, ELECTRIC KETTLES' (Min 95% DROP)
🔍 Opening chrome Browser...
🌐 Flipkart par jaa rahe hain...
⏬ Page scroll kar rahe hain...
📦 Products extract kar rahe hain...

⏩ Skip Kiya: Rating=3.8★, Discount=99%
⏩ Skip Kiya: Rating=0.0★, Discount=50%
⏩ Skip Kiya: Rating=3.6★, Discount=56%
⏩ Skip Kiya: Rating=0.0★, Discount=56%
⏩ Skip Kiya: Rating=3.4★, Discount=61%
⏩ Skip Kiya: Rating=3.3★, Discount=61%

✅ Scraping Complete!
📉 Deal nahi mili.


⚡ [NINJA TRACKER] Saare MEGA LOOT targets check kar rahe hain...
🎯 Total 3 active targets mile. Ek-ek karke sabko check kar rahe hain...

🔍 Scanning Target: 'IPHONE 15, IPHONE 16, APPLE WATCH SERIES, MACBOOK AIR M1' (Min 50% DROP)
🔍 Opening chrome Browser...
🌐 Flipkart par jaa rahe hain...
⏬ Page scroll kar rahe hain...
📦 Products extract kar rahe hain...

⏩ Skip Kiya: Rating=4.5★, Discount=0%
⏩ Skip Kiya: Rating=4.6★, Discount=5%
⏩ Skip Kiya: Rating=4.8★, Discount=4%
⏩ Skip Kiya: Rating=4.6★, Discount=0%
⏩ Skip Kiya: Rating=4.7★, Discount=4%
⏩ Skip Kiya: Rating=4.7★, Discount=2%

✅ Scraping Complete!
📉 Deal nahi mili.

🔍 Scanning Target: 'PUMA SNEAKERS MEN, AMERICAN TOURISTER TROLLEY, LEVIS JEANS MEN, NOISE SMARTWATCH, JBL BLUETOOTH SPEAKER, ADIDAS SNEAKERS FOR MEN, FIREBOLTT WATCH, ZEMEI TRIMMERS' (Min 91% DROP)
🔍 Opening chrome Browser...
🌐 Flipkart par jaa rahe hain...
⏬ Page scroll kar rahe hain...
📦 Products extract kar rahe hain...

⏩ Skip Kiya: Rating=0.0★, Discount=77%
⏩ Skip Kiya: Rating=0.0★, Discount=83%
⏩ Skip Kiya: Rating=0.0★, Discount=71%
⏩ Skip Kiya: Rating=0.0★, Discount=75%
⏩ Skip Kiya: Rating=0.0★, Discount=87%
⏩ Skip Kiya: Rating=0.0★, Discount=85%

✅ Scraping Complete!
📉 Deal nahi mili.

🔍 Scanning Target: 'MIXER GRINDERS, INDUCTION COOKERS, ELECTRIC KETTLES' (Min 95% DROP)
🔍 Opening chrome Browser...
🌐 Flipkart par jaa rahe hain...
⏬ Page scroll kar rahe hain...
📦 Products extract kar rahe hain...

⏩ Skip Kiya: Rating=3.8★, Discount=99%
⏩ Skip Kiya: Rating=0.0★, Discount=50%
⏩ Skip Kiya: Rating=3.6★, Discount=56%
⏩ Skip Kiya: Rating=0.0★, Discount=56%
⏩ Skip Kiya: Rating=3.4★, Discount=61%
⏩ Skip Kiya: Rating=3.3★, Discount=61%

✅ Scraping Complete!
📉 Deal nahi mili.


⚡ [NINJA TRACKER] Saare MEGA LOOT targets check kar rahe hain...
🎯 Total 3 active targets mile. Ek-ek karke sabko check kar rahe hain...

🔍 Scanning Target: 'IPHONE 15, IPHONE 16, APPLE WATCH SERIES, MACBOOK AIR M1' (Min 50% DROP)
🔍 Opening chrome Browser...
🌐 Flipkart par jaa rahe hain...
⏬ Page scroll kar rahe hain...
📦 Products extract kar rahe hain...

⏩ Skip Kiya: Rating=4.7★, Discount=2%
⏩ Skip Kiya: Rating=0.0★, Discount=0%
⏩ Skip Kiya: Rating=4.7★, Discount=4%
⏩ Skip Kiya: Rating=4.7★, Discount=2%
⏩ Skip Kiya: Rating=4.7★, Discount=4%
⏩ Skip Kiya: Rating=4.7★, Discount=2%

✅ Scraping Complete!
📉 Deal nahi mili.

🔍 Scanning Target: 'PUMA SNEAKERS MEN, AMERICAN TOURISTER TROLLEY, LEVIS JEANS MEN, NOISE SMARTWATCH, JBL BLUETOOTH SPEAKER, ADIDAS SNEAKERS FOR MEN, FIREBOLTT WATCH, ZEMEI TRIMMERS' (Min 91% DROP)
🔍 Opening chrome Browser...
🌐 Flipkart par jaa rahe hain...
⏬ Page scroll kar rahe hain...
📦 Products extract kar rahe hain...

⏩ Skip Kiya: Rating=0.0★, Discount=85%
⏩ Skip Kiya: Rating=0.0★, Discount=77%
⏩ Skip Kiya: Rating=0.0★, Discount=75%
⏩ Skip Kiya: Rating=0.0★, Discount=84%
⏩ Skip Kiya: Rating=0.0★, Discount=83%
⏩ Skip Kiya: Rating=0.0★, Discount=87%

✅ Scraping Complete!
📉 Deal nahi mili.

🔍 Scanning Target: 'MIXER GRINDERS, INDUCTION COOKERS, ELECTRIC KETTLES' (Min 95% DROP)
🔍 Opening chrome Browser...
🌐 Flipkart par jaa rahe hain...
⏬ Page scroll kar rahe hain...
📦 Products extract kar rahe hain...

⏩ Skip Kiya: Rating=3.8★, Discount=99%
⏩ Skip Kiya: Rating=0.0★, Discount=50%
⏩ Skip Kiya: Rating=3.6★, Discount=56%
⏩ Skip Kiya: Rating=0.0★, Discount=56%
⏩ Skip Kiya: Rating=3.4★, Discount=61%
⏩ Skip Kiya: Rating=3.3★, Discount=61%

✅ Scraping Complete!
📉 Deal nahi mili.


==================================================
🌍 [ROUND 3/4] : LIVE MARKET TREND
==================================================

🔄 --- ATTEMPT 1/3 ---
🌐 Google Trends se NAYA LIVE Market Data nikal rahe hain...
📈 Final Trend Pakda: 'watch'
🔥 Aaj ka Trending Keyword: watch
📊 Match: FASHION (Min 72% Off)
🔍 Opening chrome Browser...
🌐 Flipkart par jaa rahe hain...
⏬ Page scroll kar rahe hain...
📦 Products extract kar rahe hain...

🔥 Loot Deal Select Hui (Hidden Rating): Axlyn...
⏩ Skip Kiya: Rating=0.0★, Discount=64%
🔥 Loot Deal Select Hui (Hidden Rating): RLS...
🔥 Loot Deal Select Hui (Hidden Rating): ShriShyam...
🔥 Loot Deal Select Hui (Hidden Rating): Vilante...
🔥 Loot Deal Select Hui (Hidden Rating): ABREXO...

✅ Scraping Complete!
🕵️‍♂️ Secret Agent ko link bhej rahe hain...
🕵️‍♂️ Agent: Sending link and waiting for reply...
✅ Affiliate Link Received: https://fkrt.co/peR0aZ
✅ Agent ne link successfully convert kar diya!
🔍 Checking Token... (Start: 8538243785...)
✅ Telegram par VIP Photo/Message chala gaya! (Channel: @offerr_zone_40)
🕵️‍♂️ Secret Agent ko link bhej rahe hain...
🕵️‍♂️ Agent: Sending link and waiting for reply...
✅ Affiliate Link Received: https://fkrt.co/vUtTGL
✅ Agent ne link successfully convert kar diya!
🔍 Checking Token... (Start: 8538243785...)
✅ Telegram par VIP Photo/Message chala gaya! (Channel: @offerr_zone_40)

⏳ Round 3/4 complete. Next in 15 min...

⚡ [NINJA TRACKER] Saare MEGA LOOT targets check kar rahe hain...
🎯 Total 3 active targets mile. Ek-ek karke sabko check kar rahe hain...

🔍 Scanning Target: 'IPHONE 15, IPHONE 16, APPLE WATCH SERIES, MACBOOK AIR M1' (Min 50% DROP)
🔍 Opening chrome Browser...
🌐 Flipkart par jaa rahe hain...
⏬ Page scroll kar rahe hain...
📦 Products extract kar rahe hain...

⏩ Skip Kiya: Rating=4.7★, Discount=2%
⏩ Skip Kiya: Rating=0.0★, Discount=0%
⏩ Skip Kiya: Rating=4.7★, Discount=4%
⏩ Skip Kiya: Rating=4.7★, Discount=2%
⏩ Skip Kiya: Rating=4.7★, Discount=4%
⏩ Skip Kiya: Rating=4.7★, Discount=2%

✅ Scraping Complete!
📉 Deal nahi mili.

🔍 Scanning Target: 'PUMA SNEAKERS MEN, AMERICAN TOURISTER TROLLEY, LEVIS JEANS MEN, NOISE SMARTWATCH, JBL BLUETOOTH SPEAKER, ADIDAS SNEAKERS FOR MEN, FIREBOLTT WATCH, ZEMEI TRIMMERS' (Min 91% DROP)
🔍 Opening chrome Browser...
🌐 Flipkart par jaa rahe hain...
⏬ Page scroll kar rahe hain...
📦 Products extract kar rahe hain...

⏩ Skip Kiya: Rating=0.0★, Discount=83%
⏩ Skip Kiya: Rating=0.0★, Discount=77%
⏩ Skip Kiya: Rating=0.0★, Discount=87%
⏩ Skip Kiya: Rating=0.0★, Discount=78%
⏩ Skip Kiya: Rating=0.0★, Discount=85%
⏩ Skip Kiya: Rating=0.0★, Discount=75%

✅ Scraping Complete!
📉 Deal nahi mili.

🔍 Scanning Target: 'MIXER GRINDERS, INDUCTION COOKERS, ELECTRIC KETTLES' (Min 95% DROP)
🔍 Opening chrome Browser...
🌐 Flipkart par jaa rahe hain...
⏬ Page scroll kar rahe hain...
📦 Products extract kar rahe hain...

⏩ Skip Kiya: Rating=3.8★, Discount=99%
⏩ Skip Kiya: Rating=0.0★, Discount=50%
⏩ Skip Kiya: Rating=3.6★, Discount=56%
⏩ Skip Kiya: Rating=0.0★, Discount=56%
⏩ Skip Kiya: Rating=3.4★, Discount=61%
⏩ Skip Kiya: Rating=3.3★, Discount=61%

✅ Scraping Complete!
📉 Deal nahi mili.


⚡ [NINJA TRACKER] Saare MEGA LOOT targets check kar rahe hain...
🎯 Total 3 active targets mile. Ek-ek karke sabko check kar rahe hain...

🔍 Scanning Target: 'IPHONE 15, IPHONE 16, APPLE WATCH SERIES, MACBOOK AIR M1' (Min 50% DROP)
🔍 Opening chrome Browser...
🌐 Flipkart par jaa rahe hain...
⏬ Page scroll kar rahe hain...
📦 Products extract kar rahe hain...

⏩ Skip Kiya: Rating=4.5★, Discount=0%
⏩ Skip Kiya: Rating=4.6★, Discount=5%
⏩ Skip Kiya: Rating=4.8★, Discount=4%
⏩ Skip Kiya: Rating=4.6★, Discount=0%
⏩ Skip Kiya: Rating=4.7★, Discount=4%
⏩ Skip Kiya: Rating=4.7★, Discount=2%

✅ Scraping Complete!
📉 Deal nahi mili.

🔍 Scanning Target: 'PUMA SNEAKERS MEN, AMERICAN TOURISTER TROLLEY, LEVIS JEANS MEN, NOISE SMARTWATCH, JBL BLUETOOTH SPEAKER, ADIDAS SNEAKERS FOR MEN, FIREBOLTT WATCH, ZEMEI TRIMMERS' (Min 91% DROP)
🔍 Opening chrome Browser...
🌐 Flipkart par jaa rahe hain...
⏬ Page scroll kar rahe hain...
📦 Products extract kar rahe hain...

⏩ Skip Kiya: Rating=0.0★, Discount=77%
⏩ Skip Kiya: Rating=0.0★, Discount=83%
⏩ Skip Kiya: Rating=0.0★, Discount=71%
⏩ Skip Kiya: Rating=0.0★, Discount=75%
⏩ Skip Kiya: Rating=0.0★, Discount=87%
⏩ Skip Kiya: Rating=0.0★, Discount=85%

✅ Scraping Complete!
📉 Deal nahi mili.

🔍 Scanning Target: 'MIXER GRINDERS, INDUCTION COOKERS, ELECTRIC KETTLES' (Min 95% DROP)
🔍 Opening chrome Browser...
🌐 Flipkart par jaa rahe hain...
⏬ Page scroll kar rahe hain...
📦 Products extract kar rahe hain...

⏩ Skip Kiya: Rating=3.8★, Discount=99%
⏩ Skip Kiya: Rating=0.0★, Discount=50%
⏩ Skip Kiya: Rating=3.6★, Discount=56%
⏩ Skip Kiya: Rating=0.0★, Discount=56%
⏩ Skip Kiya: Rating=3.4★, Discount=61%
⏩ Skip Kiya: Rating=3.3★, Discount=61%

✅ Scraping Complete!
📉 Deal nahi mili.


⚡ [NINJA TRACKER] Saare MEGA LOOT targets check kar rahe hain...
🎯 Total 3 active targets mile. Ek-ek karke sabko check kar rahe hain...

🔍 Scanning Target: 'IPHONE 15, IPHONE 16, APPLE WATCH SERIES, MACBOOK AIR M1' (Min 50% DROP)
🔍 Opening chrome Browser...
🌐 Flipkart par jaa rahe hain...
⏬ Page scroll kar rahe hain...
📦 Products extract kar rahe hain...

⏩ Skip Kiya: Rating=4.7★, Discount=2%
⏩ Skip Kiya: Rating=0.0★, Discount=0%
⏩ Skip Kiya: Rating=4.7★, Discount=4%
⏩ Skip Kiya: Rating=4.7★, Discount=2%
⏩ Skip Kiya: Rating=4.7★, Discount=4%
⏩ Skip Kiya: Rating=4.7★, Discount=2%

✅ Scraping Complete!
📉 Deal nahi mili.

🔍 Scanning Target: 'PUMA SNEAKERS MEN, AMERICAN TOURISTER TROLLEY, LEVIS JEANS MEN, NOISE SMARTWATCH, JBL BLUETOOTH SPEAKER, ADIDAS SNEAKERS FOR MEN, FIREBOLTT WATCH, ZEMEI TRIMMERS' (Min 91% DROP)
🔍 Opening chrome Browser...
🌐 Flipkart par jaa rahe hain...
⏬ Page scroll kar rahe hain...
📦 Products extract kar rahe hain...

⏩ Skip Kiya: Rating=0.0★, Discount=83%
⏩ Skip Kiya: Rating=0.0★, Discount=77%
⏩ Skip Kiya: Rating=0.0★, Discount=87%
⏩ Skip Kiya: Rating=0.0★, Discount=78%
⏩ Skip Kiya: Rating=0.0★, Discount=85%
⏩ Skip Kiya: Rating=0.0★, Discount=75%

✅ Scraping Complete!
📉 Deal nahi mili.

🔍 Scanning Target: 'MIXER GRINDERS, INDUCTION COOKERS, ELECTRIC KETTLES' (Min 95% DROP)
🔍 Opening chrome Browser...
🌐 Flipkart par jaa rahe hain...
⏬ Page scroll kar rahe hain...
📦 Products extract kar rahe hain...

⏩ Skip Kiya: Rating=3.8★, Discount=99%
⏩ Skip Kiya: Rating=0.0★, Discount=50%
⏩ Skip Kiya: Rating=3.6★, Discount=56%
⏩ Skip Kiya: Rating=0.0★, Discount=56%
⏩ Skip Kiya: Rating=3.4★, Discount=61%
⏩ Skip Kiya: Rating=3.3★, Discount=61%

✅ Scraping Complete!
📉 Deal nahi mili.


⚡ [NINJA TRACKER] Saare MEGA LOOT targets check kar rahe hain...
🎯 Total 3 active targets mile. Ek-ek karke sabko check kar rahe hain...

🔍 Scanning Target: 'IPHONE 15, IPHONE 16, APPLE WATCH SERIES, MACBOOK AIR M1' (Min 50% DROP)
🔍 Opening chrome Browser...
🌐 Flipkart par jaa rahe hain...
⏬ Page scroll kar rahe hain...
📦 Products extract kar rahe hain...

⏩ Skip Kiya: Rating=4.7★, Discount=2%
⏩ Skip Kiya: Rating=0.0★, Discount=0%
⏩ Skip Kiya: Rating=4.7★, Discount=4%
⏩ Skip Kiya: Rating=4.7★, Discount=2%
⏩ Skip Kiya: Rating=4.7★, Discount=4%
⏩ Skip Kiya: Rating=4.7★, Discount=2%

✅ Scraping Complete!
📉 Deal nahi mili.

🔍 Scanning Target: 'PUMA SNEAKERS MEN, AMERICAN TOURISTER TROLLEY, LEVIS JEANS MEN, NOISE SMARTWATCH, JBL BLUETOOTH SPEAKER, ADIDAS SNEAKERS FOR MEN, FIREBOLTT WATCH, ZEMEI TRIMMERS' (Min 91% DROP)
🔍 Opening chrome Browser...
🌐 Flipkart par jaa rahe hain...
⏬ Page scroll kar rahe hain...
📦 Products extract kar rahe hain...

⏩ Skip Kiya: Rating=0.0★, Discount=77%
⏩ Skip Kiya: Rating=0.0★, Discount=83%
⏩ Skip Kiya: Rating=0.0★, Discount=71%
⏩ Skip Kiya: Rating=0.0★, Discount=75%
⏩ Skip Kiya: Rating=0.0★, Discount=85%
⏩ Skip Kiya: Rating=0.0★, Discount=75%

✅ Scraping Complete!
📉 Deal nahi mili.

🔍 Scanning Target: 'MIXER GRINDERS, INDUCTION COOKERS, ELECTRIC KETTLES' (Min 95% DROP)
🔍 Opening chrome Browser...
🌐 Flipkart par jaa rahe hain...
⏬ Page scroll kar rahe hain...
📦 Products extract kar rahe hain...

⏩ Skip Kiya: Rating=3.8★, Discount=99%
⏩ Skip Kiya: Rating=0.0★, Discount=50%
⏩ Skip Kiya: Rating=3.6★, Discount=56%
⏩ Skip Kiya: Rating=0.0★, Discount=56%
⏩ Skip Kiya: Rating=3.4★, Discount=61%
⏩ Skip Kiya: Rating=3.3★, Discount=61%

✅ Scraping Complete!
📉 Deal nahi mili.


⚡ [NINJA TRACKER] Saare MEGA LOOT targets check kar rahe hain...
🎯 Total 3 active targets mile. Ek-ek karke sabko check kar rahe hain...

🔍 Scanning Target: 'IPHONE 15, IPHONE 16, APPLE WATCH SERIES, MACBOOK AIR M1' (Min 50% DROP)
🔍 Opening chrome Browser...
🌐 Flipkart par jaa rahe hain...
⏬ Page scroll kar rahe hain...
📦 Products extract kar rahe hain...

⏩ Skip Kiya: Rating=4.7★, Discount=2%
⏩ Skip Kiya: Rating=0.0★, Discount=0%
⏩ Skip Kiya: Rating=4.7★, Discount=4%
⏩ Skip Kiya: Rating=4.7★, Discount=2%
⏩ Skip Kiya: Rating=4.7★, Discount=4%
⏩ Skip Kiya: Rating=4.7★, Discount=2%

✅ Scraping Complete!
📉 Deal nahi mili.

🔍 Scanning Target: 'PUMA SNEAKERS MEN, AMERICAN TOURISTER TROLLEY, LEVIS JEANS MEN, NOISE SMARTWATCH, JBL BLUETOOTH SPEAKER, ADIDAS SNEAKERS FOR MEN, FIREBOLTT WATCH, ZEMEI TRIMMERS' (Min 91% DROP)
🔍 Opening chrome Browser...
🌐 Flipkart par jaa rahe hain...
⏬ Page scroll kar rahe hain...
📦 Products extract kar rahe hain...

⏩ Skip Kiya: Rating=0.0★, Discount=83%
⏩ Skip Kiya: Rating=0.0★, Discount=85%
⏩ Skip Kiya: Rating=0.0★, Discount=87%
⏩ Skip Kiya: Rating=0.0★, Discount=78%
⏩ Skip Kiya: Rating=0.0★, Discount=75%
⏩ Skip Kiya: Rating=0.0★, Discount=64%

✅ Scraping Complete!
📉 Deal nahi mili.

🔍 Scanning Target: 'MIXER GRINDERS, INDUCTION COOKERS, ELECTRIC KETTLES' (Min 95% DROP)
🔍 Opening chrome Browser...
🌐 Flipkart par jaa rahe hain...
⏬ Page scroll kar rahe hain...
📦 Products extract kar rahe hain...

⏩ Skip Kiya: Rating=3.8★, Discount=99%
⏩ Skip Kiya: Rating=0.0★, Discount=50%
⏩ Skip Kiya: Rating=3.6★, Discount=56%
⏩ Skip Kiya: Rating=0.0★, Discount=56%
⏩ Skip Kiya: Rating=3.4★, Discount=61%
⏩ Skip Kiya: Rating=3.3★, Discount=61%

✅ Scraping Complete!
📉 Deal nahi mili.


==================================================
📦 [ROUND 4/4] : DATABASE ROTATION
==================================================

🔄 --- ATTEMPT 1/3 ---
🎲 Database ne chuna: 'jewellery'
📊 Match: FASHION (Min 72% Off)
🔍 Opening chrome Browser...
🌐 Flipkart par jaa rahe hain...
⏬ Page scroll kar rahe hain...
📦 Products extract kar rahe hain...

🔥 Loot Deal Select Hui (Hidden Rating): Litchi...
⏩ Skip Kiya: Rating=0.0★, Discount=76%
⏩ Skip Kiya: Rating=0.0★, Discount=80%
⏩ Skip Kiya: Rating=0.0★, Discount=78%
🔥 Loot Deal Select Hui (Hidden Rating): KONASA...
🔥 Loot Deal Select Hui (Hidden Rating): SPYRONIX REAL TREASURE...

✅ Scraping Complete!
🕵️‍♂️ Secret Agent ko link bhej rahe hain...
🕵️‍♂️ Agent: Sending link and waiting for reply...
✅ Affiliate Link Received: https://fkrt.co/t48U6E
✅ Agent ne link successfully convert kar diya!
🔍 Checking Token... (Start: 8538243785...)
✅ Telegram par VIP Photo/Message chala gaya! (Channel: @offerr_zone_40)
🕵️‍♂️ Secret Agent ko link bhej rahe hain...
🕵️‍♂️ Agent: Sending link and waiting for reply...
✅ Affiliate Link Received: https://fkrt.co/BZTL50
✅ Agent ne link successfully convert kar diya!
🔍 Checking Token... (Start: 8538243785...)
✅ Telegram par VIP Photo/Message chala gaya! (Channel: @offerr_zone_40)

😴 1 Ghante ka quota poora! Bot 1 ghanta rest karega...

⚡ [NINJA TRACKER] Saare MEGA LOOT targets check kar rahe hain...
🎯 Total 3 active targets mile. Ek-ek karke sabko check kar rahe hain...

🔍 Scanning Target: 'IPHONE 15, IPHONE 16, APPLE WATCH SERIES, MACBOOK AIR M1' (Min 50% DROP)
🔍 Opening chrome Browser...
🌐 Flipkart par jaa rahe hain...
⏬ Page scroll kar rahe hain...
📦 Products extract kar rahe hain...

⏩ Skip Kiya: Rating=4.5★, Discount=0%
⏩ Skip Kiya: Rating=4.6★, Discount=5%
⏩ Skip Kiya: Rating=4.8★, Discount=4%
⏩ Skip Kiya: Rating=4.6★, Discount=0%
⏩ Skip Kiya: Rating=4.7★, Discount=4%
⏩ Skip Kiya: Rating=4.7★, Discount=2%

✅ Scraping Complete!
📉 Deal nahi mili.

🔍 Scanning Target: 'PUMA SNEAKERS MEN, AMERICAN TOURISTER TROLLEY, LEVIS JEANS MEN, NOISE SMARTWATCH, JBL BLUETOOTH SPEAKER, ADIDAS SNEAKERS FOR MEN, FIREBOLTT WATCH, ZEMEI TRIMMERS' (Min 91% DROP)
🔍 Opening chrome Browser...
🌐 Flipkart par jaa rahe hain...
⏬ Page scroll kar rahe hain...
📦 Products extract kar rahe hain...

⏩ Skip Kiya: Rating=0.0★, Discount=83%
⏩ Skip Kiya: Rating=0.0★, Discount=85%
⏩ Skip Kiya: Rating=0.0★, Discount=71%
⏩ Skip Kiya: Rating=0.0★, Discount=75%
⏩ Skip Kiya: Rating=0.0★, Discount=75%
⏩ Skip Kiya: Rating=0.0★, Discount=64%

✅ Scraping Complete!
📉 Deal nahi mili.

🔍 Scanning Target: 'MIXER GRINDERS, INDUCTION COOKERS, ELECTRIC KETTLES' (Min 95% DROP)
🔍 Opening chrome Browser...
🌐 Flipkart par jaa rahe hain...
⏬ Page scroll kar rahe hain...
📦 Products extract kar rahe hain...

⏩ Skip Kiya: Rating=3.8★, Discount=99%
⏩ Skip Kiya: Rating=0.0★, Discount=50%
⏩ Skip Kiya: Rating=3.6★, Discount=56%
⏩ Skip Kiya: Rating=0.0★, Discount=56%
⏩ Skip Kiya: Rating=3.4★, Discount=61%
⏩ Skip Kiya: Rating=3.3★, Discount=61%

✅ Scraping Complete!
📉 Deal nahi mili.


⚡ [NINJA TRACKER] Saare MEGA LOOT targets check kar rahe hain...
🎯 Total 3 active targets mile. Ek-ek karke sabko check kar rahe hain...

🔍 Scanning Target: 'IPHONE 15, IPHONE 16, APPLE WATCH SERIES, MACBOOK AIR M1' (Min 50% DROP)
🔍 Opening chrome Browser...
🌐 Flipkart par jaa rahe hain...
⏬ Page scroll kar rahe hain...
📦 Products extract kar rahe hain...

⏩ Skip Kiya: Rating=4.7★, Discount=2%
⏩ Skip Kiya: Rating=0.0★, Discount=0%
⏩ Skip Kiya: Rating=4.7★, Discount=4%
⏩ Skip Kiya: Rating=4.7★, Discount=2%
⏩ Skip Kiya: Rating=4.7★, Discount=4%
⏩ Skip Kiya: Rating=4.7★, Discount=2%

✅ Scraping Complete!
📉 Deal nahi mili.

🔍 Scanning Target: 'PUMA SNEAKERS MEN, AMERICAN TOURISTER TROLLEY, LEVIS JEANS MEN, NOISE SMARTWATCH, JBL BLUETOOTH SPEAKER, ADIDAS SNEAKERS FOR MEN, FIREBOLTT WATCH, ZEMEI TRIMMERS' (Min 91% DROP)
🔍 Opening chrome Browser...
🌐 Flipkart par jaa rahe hain...
⏬ Page scroll kar rahe hain...
📦 Products extract kar rahe hain...

⏩ Skip Kiya: Rating=0.0★, Discount=83%
⏩ Skip Kiya: Rating=0.0★, Discount=85%
⏩ Skip Kiya: Rating=0.0★, Discount=87%
⏩ Skip Kiya: Rating=0.0★, Discount=78%
⏩ Skip Kiya: Rating=0.0★, Discount=75%
⏩ Skip Kiya: Rating=0.0★, Discount=64%

✅ Scraping Complete!
📉 Deal nahi mili.

🔍 Scanning Target: 'MIXER GRINDERS, INDUCTION COOKERS, ELECTRIC KETTLES' (Min 95% DROP)
🔍 Opening chrome Browser...
🌐 Flipkart par jaa rahe hain...
⏬ Page scroll kar rahe hain...
📦 Products extract kar rahe hain...

⏩ Skip Kiya: Rating=3.8★, Discount=99%
⏩ Skip Kiya: Rating=0.0★, Discount=50%
⏩ Skip Kiya: Rating=3.6★, Discount=56%
⏩ Skip Kiya: Rating=0.0★, Discount=56%
⏩ Skip Kiya: Rating=3.4★, Discount=61%
⏩ Skip Kiya: Rating=3.3★, Discount=61%

✅ Scraping Complete!
📉 Deal nahi mili.


⚡ [NINJA TRACKER] Saare MEGA LOOT targets check kar rahe hain...
🎯 Total 3 active targets mile. Ek-ek karke sabko check kar rahe hain...

🔍 Scanning Target: 'IPHONE 15, IPHONE 16, APPLE WATCH SERIES, MACBOOK AIR M1' (Min 50% DROP)
🔍 Opening chrome Browser...
🌐 Flipkart par jaa rahe hain...
⏬ Page scroll kar rahe hain...
📦 Products extract kar rahe hain...

⏩ Skip Kiya: Rating=4.7★, Discount=2%
⏩ Skip Kiya: Rating=0.0★, Discount=0%
⏩ Skip Kiya: Rating=4.7★, Discount=4%
⏩ Skip Kiya: Rating=4.7★, Discount=2%
⏩ Skip Kiya: Rating=4.7★, Discount=4%
⏩ Skip Kiya: Rating=4.7★, Discount=2%

✅ Scraping Complete!
📉 Deal nahi mili.

🔍 Scanning Target: 'PUMA SNEAKERS MEN, AMERICAN TOURISTER TROLLEY, LEVIS JEANS MEN, NOISE SMARTWATCH, JBL BLUETOOTH SPEAKER, ADIDAS SNEAKERS FOR MEN, FIREBOLTT WATCH, ZEMEI TRIMMERS' (Min 91% DROP)
🔍 Opening chrome Browser...
🌐 Flipkart par jaa rahe hain...
⏬ Page scroll kar rahe hain...
📦 Products extract kar rahe hain...

⏩ Skip Kiya: Rating=0.0★, Discount=83%
⏩ Skip Kiya: Rating=0.0★, Discount=85%
⏩ Skip Kiya: Rating=0.0★, Discount=87%
⏩ Skip Kiya: Rating=0.0★, Discount=78%
⏩ Skip Kiya: Rating=0.0★, Discount=75%
⏩ Skip Kiya: Rating=0.0★, Discount=64%

✅ Scraping Complete!
📉 Deal nahi mili.

🔍 Scanning Target: 'MIXER GRINDERS, INDUCTION COOKERS, ELECTRIC KETTLES' (Min 95% DROP)
🔍 Opening chrome Browser...
🌐 Flipkart par jaa rahe hain...
⏬ Page scroll kar rahe hain...
📦 Products extract kar rahe hain...

⏩ Skip Kiya: Rating=3.8★, Discount=99%
⏩ Skip Kiya: Rating=0.0★, Discount=50%
⏩ Skip Kiya: Rating=3.6★, Discount=56%
⏩ Skip Kiya: Rating=0.0★, Discount=56%
⏩ Skip Kiya: Rating=3.4★, Discount=61%
⏩ Skip Kiya: Rating=3.3★, Discount=61%

✅ Scraping Complete!
📉 Deal nahi mili.


⚡ [NINJA TRACKER] Saare MEGA LOOT targets check kar rahe hain...
🎯 Total 3 active targets mile. Ek-ek karke sabko check kar rahe hain...

🔍 Scanning Target: 'IPHONE 15, IPHONE 16, APPLE WATCH SERIES, MACBOOK AIR M1' (Min 50% DROP)
🔍 Opening chrome Browser...
🌐 Flipkart par jaa rahe hain...
⏬ Page scroll kar rahe hain...
📦 Products extract kar rahe hain...

⏩ Skip Kiya: Rating=4.7★, Discount=2%
⏩ Skip Kiya: Rating=0.0★, Discount=0%
⏩ Skip Kiya: Rating=4.7★, Discount=4%
⏩ Skip Kiya: Rating=4.7★, Discount=2%
⏩ Skip Kiya: Rating=4.7★, Discount=4%
⏩ Skip Kiya: Rating=4.7★, Discount=2%

✅ Scraping Complete!
📉 Deal nahi mili.

🔍 Scanning Target: 'PUMA SNEAKERS MEN, AMERICAN TOURISTER TROLLEY, LEVIS JEANS MEN, NOISE SMARTWATCH, JBL BLUETOOTH SPEAKER, ADIDAS SNEAKERS FOR MEN, FIREBOLTT WATCH, ZEMEI TRIMMERS' (Min 91% DROP)
🔍 Opening chrome Browser...
🌐 Flipkart par jaa rahe hain...
⏬ Page scroll kar rahe hain...
📦 Products extract kar rahe hain...

⏩ Skip Kiya: Rating=0.0★, Discount=83%
⏩ Skip Kiya: Rating=0.0★, Discount=87%
⏩ Skip Kiya: Rating=0.0★, Discount=71%
⏩ Skip Kiya: Rating=0.0★, Discount=75%
⏩ Skip Kiya: Rating=0.0★, Discount=85%
⏩ Skip Kiya: Rating=0.0★, Discount=75%

✅ Scraping Complete!
📉 Deal nahi mili.

🔍 Scanning Target: 'MIXER GRINDERS, INDUCTION COOKERS, ELECTRIC KETTLES' (Min 95% DROP)
🔍 Opening chrome Browser...
🌐 Flipkart par jaa rahe hain...
⏬ Page scroll kar rahe hain...
📦 Products extract kar rahe hain...

⏩ Skip Kiya: Rating=3.8★, Discount=99%
⏩ Skip Kiya: Rating=0.0★, Discount=50%
⏩ Skip Kiya: Rating=3.6★, Discount=56%
⏩ Skip Kiya: Rating=0.0★, Discount=56%
⏩ Skip Kiya: Rating=3.4★, Discount=61%
⏩ Skip Kiya: Rating=3.3★, Discount=61%

✅ Scraping Complete!
📉 Deal nahi mili.


⚡ [NINJA TRACKER] Saare MEGA LOOT targets check kar rahe hain...
🎯 Total 3 active targets mile. Ek-ek karke sabko check kar rahe hain...

🔍 Scanning Target: 'IPHONE 15, IPHONE 16, APPLE WATCH SERIES, MACBOOK AIR M1' (Min 50% DROP)
🔍 Opening chrome Browser...
🌐 Flipkart par jaa rahe hain...
⏬ Page scroll kar rahe hain...
📦 Products extract kar rahe hain...

⏩ Skip Kiya: Rating=4.7★, Discount=2%
⏩ Skip Kiya: Rating=0.0★, Discount=0%
⏩ Skip Kiya: Rating=4.7★, Discount=4%
⏩ Skip Kiya: Rating=4.7★, Discount=2%
⏩ Skip Kiya: Rating=4.7★, Discount=4%
⏩ Skip Kiya: Rating=4.7★, Discount=2%

✅ Scraping Complete!
📉 Deal nahi mili.

🔍 Scanning Target: 'PUMA SNEAKERS MEN, AMERICAN TOURISTER TROLLEY, LEVIS JEANS MEN, NOISE SMARTWATCH, JBL BLUETOOTH SPEAKER, ADIDAS SNEAKERS FOR MEN, FIREBOLTT WATCH, ZEMEI TRIMMERS' (Min 91% DROP)
🔍 Opening chrome Browser...
🌐 Flipkart par jaa rahe hain...
⏬ Page scroll kar rahe hain...
📦 Products extract kar rahe hain...

⏩ Skip Kiya: Rating=0.0★, Discount=83%
⏩ Skip Kiya: Rating=0.0★, Discount=85%
⏩ Skip Kiya: Rating=0.0★, Discount=87%
⏩ Skip Kiya: Rating=0.0★, Discount=78%
⏩ Skip Kiya: Rating=0.0★, Discount=75%
⏩ Skip Kiya: Rating=0.0★, Discount=64%

✅ Scraping Complete!
📉 Deal nahi mili.

🔍 Scanning Target: 'MIXER GRINDERS, INDUCTION COOKERS, ELECTRIC KETTLES' (Min 95% DROP)
🔍 Opening chrome Browser...
🌐 Flipkart par jaa rahe hain...
⏬ Page scroll kar rahe hain...
📦 Products extract kar rahe hain...

⏩ Skip Kiya: Rating=0.0★, Discount=50%
⏩ Skip Kiya: Rating=3.6★, Discount=56%
⏩ Skip Kiya: Rating=3.8★, Discount=99%
⏩ Skip Kiya: Rating=0.0★, Discount=56%
⏩ Skip Kiya: Rating=3.4★, Discount=61%
⏩ Skip Kiya: Rating=3.3★, Discount=61%

✅ Scraping Complete!
📉 Deal nahi mili.


⚡ [NINJA TRACKER] Saare MEGA LOOT targets check kar rahe hain...
🎯 Total 3 active targets mile. Ek-ek karke sabko check kar rahe hain...

🔍 Scanning Target: 'IPHONE 15, IPHONE 16, APPLE WATCH SERIES, MACBOOK AIR M1' (Min 50% DROP)
🔍 Opening chrome Browser...
🌐 Flipkart par jaa rahe hain...
⏬ Page scroll kar rahe hain...
📦 Products extract kar rahe hain...

⏩ Skip Kiya: Rating=4.7★, Discount=2%
⏩ Skip Kiya: Rating=0.0★, Discount=0%
⏩ Skip Kiya: Rating=4.7★, Discount=4%
⏩ Skip Kiya: Rating=4.7★, Discount=2%
⏩ Skip Kiya: Rating=4.7★, Discount=4%
⏩ Skip Kiya: Rating=4.7★, Discount=2%

✅ Scraping Complete!
📉 Deal nahi mili.

🔍 Scanning Target: 'PUMA SNEAKERS MEN, AMERICAN TOURISTER TROLLEY, LEVIS JEANS MEN, NOISE SMARTWATCH, JBL BLUETOOTH SPEAKER, ADIDAS SNEAKERS FOR MEN, FIREBOLTT WATCH, ZEMEI TRIMMERS' (Min 91% DROP)
🔍 Opening chrome Browser...
🌐 Flipkart par jaa rahe hain...
⏬ Page scroll kar rahe hain...
📦 Products extract kar rahe hain...

⏩ Skip Kiya: Rating=0.0★, Discount=83%
⏩ Skip Kiya: Rating=0.0★, Discount=87%
⏩ Skip Kiya: Rating=0.0★, Discount=71%
⏩ Skip Kiya: Rating=0.0★, Discount=75%
⏩ Skip Kiya: Rating=0.0★, Discount=75%
⏩ Skip Kiya: Rating=0.0★, Discount=64%

✅ Scraping Complete!
📉 Deal nahi mili.

🔍 Scanning Target: 'MIXER GRINDERS, INDUCTION COOKERS, ELECTRIC KETTLES' (Min 95% DROP)
🔍 Opening chrome Browser...
🌐 Flipkart par jaa rahe hain...
⏬ Page scroll kar rahe hain...
📦 Products extract kar rahe hain...

⏩ Skip Kiya: Rating=3.8★, Discount=99%
⏩ Skip Kiya: Rating=0.0★, Discount=50%
⏩ Skip Kiya: Rating=3.6★, Discount=56%
⏩ Skip Kiya: Rating=0.0★, Discount=56%
⏩ Skip Kiya: Rating=3.4★, Discount=61%
⏩ Skip Kiya: Rating=3.3★, Discount=61%

✅ Scraping Complete!
📉 Deal nahi mili.


⚡ [NINJA TRACKER] Saare MEGA LOOT targets check kar rahe hain...
🎯 Total 3 active targets mile. Ek-ek karke sabko check kar rahe hain...

🔍 Scanning Target: 'IPHONE 15, IPHONE 16, APPLE WATCH SERIES, MACBOOK AIR M1' (Min 50% DROP)
🔍 Opening chrome Browser...
🌐 Flipkart par jaa rahe hain...
⏬ Page scroll kar rahe hain...
📦 Products extract kar rahe hain...

⏩ Skip Kiya: Rating=4.6★, Discount=5%
⏩ Skip Kiya: Rating=4.6★, Discount=0%
⏩ Skip Kiya: Rating=4.7★, Discount=2%
⏩ Skip Kiya: Rating=4.7★, Discount=2%
⏩ Skip Kiya: Rating=4.7★, Discount=2%
⏩ Skip Kiya: Rating=4.7★, Discount=4%

✅ Scraping Complete!
📉 Deal nahi mili.

🔍 Scanning Target: 'PUMA SNEAKERS MEN, AMERICAN TOURISTER TROLLEY, LEVIS JEANS MEN, NOISE SMARTWATCH, JBL BLUETOOTH SPEAKER, ADIDAS SNEAKERS FOR MEN, FIREBOLTT WATCH, ZEMEI TRIMMERS' (Min 91% DROP)
🔍 Opening chrome Browser...
🌐 Flipkart par jaa rahe hain...
⏬ Page scroll kar rahe hain...
📦 Products extract kar rahe hain...

⏩ Skip Kiya: Rating=0.0★, Discount=87%
⏩ Skip Kiya: Rating=0.0★, Discount=83%
⏩ Skip Kiya: Rating=0.0★, Discount=75%
⏩ Skip Kiya: Rating=0.0★, Discount=84%
⏩ Skip Kiya: Rating=0.0★, Discount=87%
⏩ Skip Kiya: Rating=0.0★, Discount=83%

✅ Scraping Complete!
📉 Deal nahi mili.

🔍 Scanning Target: 'MIXER GRINDERS, INDUCTION COOKERS, ELECTRIC KETTLES' (Min 95% DROP)
🔍 Opening chrome Browser...
🌐 Flipkart par jaa rahe hain...
⏬ Page scroll kar rahe hain...
📦 Products extract kar rahe hain...

⏩ Skip Kiya: Rating=3.8★, Discount=99%
⏩ Skip Kiya: Rating=0.0★, Discount=50%
⏩ Skip Kiya: Rating=3.6★, Discount=56%
⏩ Skip Kiya: Rating=0.0★, Discount=56%
⏩ Skip Kiya: Rating=3.4★, Discount=61%
⏩ Skip Kiya: Rating=3.3★, Discount=61%

✅ Scraping Complete!
📉 Deal nahi mili.


⚡ [NINJA TRACKER] Saare MEGA LOOT targets check kar rahe hain...
🎯 Total 3 active targets mile. Ek-ek karke sabko check kar rahe hain...

🔍 Scanning Target: 'IPHONE 15, IPHONE 16, APPLE WATCH SERIES, MACBOOK AIR M1' (Min 50% DROP)
🔍 Opening chrome Browser...
🌐 Flipkart par jaa rahe hain...
⏬ Page scroll kar rahe hain...
📦 Products extract kar rahe hain...

⏩ Skip Kiya: Rating=4.5★, Discount=0%
⏩ Skip Kiya: Rating=4.6★, Discount=5%
⏩ Skip Kiya: Rating=4.8★, Discount=4%
⏩ Skip Kiya: Rating=4.6★, Discount=0%
⏩ Skip Kiya: Rating=4.7★, Discount=4%
⏩ Skip Kiya: Rating=4.7★, Discount=2%

✅ Scraping Complete!
📉 Deal nahi mili.

🔍 Scanning Target: 'PUMA SNEAKERS MEN, AMERICAN TOURISTER TROLLEY, LEVIS JEANS MEN, NOISE SMARTWATCH, JBL BLUETOOTH SPEAKER, ADIDAS SNEAKERS FOR MEN, FIREBOLTT WATCH, ZEMEI TRIMMERS' (Min 91% DROP)
🔍 Opening chrome Browser...
🌐 Flipkart par jaa rahe hain...
⏬ Page scroll kar rahe hain...
📦 Products extract kar rahe hain...

⏩ Skip Kiya: Rating=0.0★, Discount=83%
⏩ Skip Kiya: Rating=0.0★, Discount=87%
⏩ Skip Kiya: Rating=0.0★, Discount=87%
⏩ Skip Kiya: Rating=0.0★, Discount=78%
⏩ Skip Kiya: Rating=0.0★, Discount=75%
⏩ Skip Kiya: Rating=0.0★, Discount=64%

✅ Scraping Complete!
📉 Deal nahi mili.

🔍 Scanning Target: 'MIXER GRINDERS, INDUCTION COOKERS, ELECTRIC KETTLES' (Min 95% DROP)
🔍 Opening chrome Browser...
🌐 Flipkart par jaa rahe hain...
⏬ Page scroll kar rahe hain...
📦 Products extract kar rahe hain...

⏩ Skip Kiya: Rating=3.8★, Discount=99%
⏩ Skip Kiya: Rating=0.0★, Discount=50%
⏩ Skip Kiya: Rating=3.6★, Discount=56%
⏩ Skip Kiya: Rating=0.0★, Discount=56%
⏩ Skip Kiya: Rating=3.4★, Discount=61%
⏩ Skip Kiya: Rating=3.3★, Discount=61%

✅ Scraping Complete!
📉 Deal nahi mili.


⚡ [NINJA TRACKER] Saare MEGA LOOT targets check kar rahe hain...
🎯 Total 3 active targets mile. Ek-ek karke sabko check kar rahe hain...

🔍 Scanning Target: 'IPHONE 15, IPHONE 16, APPLE WATCH SERIES, MACBOOK AIR M1' (Min 50% DROP)
🔍 Opening chrome Browser...
🌐 Flipkart par jaa rahe hain...
⏬ Page scroll kar rahe hain...
📦 Products extract kar rahe hain...

⏩ Skip Kiya: Rating=4.7★, Discount=2%
⏩ Skip Kiya: Rating=0.0★, Discount=0%
⏩ Skip Kiya: Rating=4.7★, Discount=4%
⏩ Skip Kiya: Rating=4.7★, Discount=2%
⏩ Skip Kiya: Rating=4.7★, Discount=4%
⏩ Skip Kiya: Rating=4.7★, Discount=2%

✅ Scraping Complete!
📉 Deal nahi mili.

🔍 Scanning Target: 'PUMA SNEAKERS MEN, AMERICAN TOURISTER TROLLEY, LEVIS JEANS MEN, NOISE SMARTWATCH, JBL BLUETOOTH SPEAKER, ADIDAS SNEAKERS FOR MEN, FIREBOLTT WATCH, ZEMEI TRIMMERS' (Min 91% DROP)
🔍 Opening chrome Browser...
🌐 Flipkart par jaa rahe hain...
⏬ Page scroll kar rahe hain...
📦 Products extract kar rahe hain...

⏩ Skip Kiya: Rating=0.0★, Discount=83%
⏩ Skip Kiya: Rating=0.0★, Discount=87%
⏩ Skip Kiya: Rating=0.0★, Discount=71%
⏩ Skip Kiya: Rating=0.0★, Discount=75%
⏩ Skip Kiya: Rating=0.0★, Discount=75%
⏩ Skip Kiya: Rating=0.0★, Discount=64%

✅ Scraping Complete!
Traceback (most recent call last):
Traceback (most recent call last):
  File "C:\Users\ASUS\OneDrive\Desktop\Telegram_BOt_2\deal-hunter-bot\main.py", line 38, in <module>
    from telegram.bot import send_telegram_message
  File "C:\Users\ASUS\OneDrive\Desktop\Telegram_BOt_2\deal-hunter-bot\main.py", line 38, in <module>
    from telegram.bot import send_telegram_message
  File "C:\Users\ASUS\OneDrive\Desktop\Telegram_BOt_2\deal-hunter-bot\telegram\bot.py", line 3, in <module>
    from config import BOT_TOKEN
  File "C:\Users\ASUS\OneDrive\Desktop\Telegram_BOt_2\deal-hunter-bot\telegram\bot.py", line 3, in <module>
    from config import BOT_TOKEN
  File "C:\Users\ASUS\OneDrive\Desktop\Telegram_BOt_2\deal-hunter-bot\config.py", line 11, in <module>
    from database.db_manager import get_setting
  File "C:\Users\ASUS\OneDrive\Desktop\Telegram_BOt_2\deal-hunter-bot\config.py", line 11, in <module>
    from database.db_manager import get_setting
  File "C:\Users\ASUS\OneDrive\Desktop\Telegram_BOt_2\deal-hunter-bot\database\db_manager.py", line 22, in <module>
    import bcrypt
  File "C:\Users\ASUS\OneDrive\Desktop\Telegram_BOt_2\deal-hunter-bot\database\db_manager.py", line 22, in <module>
    import bcrypt
ModuleNotFoundError: No module named 'bcrypt'
ModuleNotFoundError: No module named 'bcrypt'
Traceback (most recent call last):
Traceback (most recent call last):
  File "C:\Users\ASUS\OneDrive\Desktop\Telegram_BOt_2\deal-hunter-bot\main.py", line 65, in <module>
    from telegram.bot     import send_telegram_message
  File "C:\Users\ASUS\OneDrive\Desktop\Telegram_BOt_2\deal-hunter-bot\main.py", line 65, in <module>
    from telegram.bot     import send_telegram_message
  File "C:\Users\ASUS\OneDrive\Desktop\Telegram_BOt_2\deal-hunter-bot\telegram\bot.py", line 3, in <module>
    from config import BOT_TOKEN
  File "C:\Users\ASUS\OneDrive\Desktop\Telegram_BOt_2\deal-hunter-bot\telegram\bot.py", line 3, in <module>
    from config import BOT_TOKEN
  File "C:\Users\ASUS\OneDrive\Desktop\Telegram_BOt_2\deal-hunter-bot\config.py", line 11, in <module>
    from database.db_manager import get_setting
  File "C:\Users\ASUS\OneDrive\Desktop\Telegram_BOt_2\deal-hunter-bot\config.py", line 11, in <module>
    from database.db_manager import get_setting
ImportError: cannot import name 'get_setting' from 'database.db_manager' (C:\Users\ASUS\OneDrive\Desktop\Telegram_BOt_2\deal-hunter-bot\database\db_manager.py)
ImportError: cannot import name 'get_setting' from 'database.db_manager' (C:\Users\ASUS\OneDrive\Desktop\Telegram_BOt_2\deal-hunter-bot\database\db_manager.py)
[OK] DB initialized / migrated.

============================================================
🤖  DEAL HUNTER BOT  —  Multi-Channel Mode
============================================================
📡 Watching DB for channels. Starting threads...


🚀 Starting bot for new channel: OfferZone 4.0 (@offerr_zone_40)
[OfferZone 4.0] 🤖 Bot thread started.📊 Active bots: 1 | Channels: ['OfferZone 4.0']

[OfferZone 4.0] 
==================================================
[OfferZone 4.0] 🌍 LIVE MARKET TREND — Round 1/4
[OfferZone 4.0] ==================================================
[OfferZone 4.0] 
🔄 Attempt 1/3
🌐 Google Trends se NAYA LIVE Market Data nikal rahe hain...
📈 Final Trend Pakda: 'top'
[OfferZone 4.0] 🔥 Trending: top
[OfferZone 4.0] 📊 FASHION → min 72% off
🔍 Opening chrome Browser...
🌐 Flipkart par jaa rahe hain...
⏬ Page scroll kar rahe hain...
📦 Products extract kar rahe hain...

⏩ Skip Kiya: Rating=0.0★, Discount=80%
⏩ Skip Kiya: Rating=0.0★, Discount=78%
⏩ Skip Kiya: Rating=0.0★, Discount=79%
⏩ Skip Kiya: Rating=0.0★, Discount=66%
🔥 Loot Deal Select Hui (Hidden Rating): POPWINGS...
⏩ Skip Kiya: Rating=0.0★, Discount=77%

✅ Scraping Complete!
🕵️‍♂️ Secret Agent ko link bhej rahe hain...
❌ Agent error: There is no current event loop in thread 'Bot-@offerr_zone_40'.. Plan B chalu...
✅ TinyURL affiliate link ready!
🔍 Checking Token... (Start: 8538243785...)
✅ Telegram par VIP Photo/Message chala gaya! (Channel: @offerr_zone_40)
[OfferZone 4.0] ✅ DEAL SENT (1/2): POPWINGS...
[OfferZone 4.0] 
🔄 Attempt 2/3
⚡ CACHE se trend nikal rahe hain (API bacha rahe hain)...
📈 Final Trend Pakda: 'top'
[OfferZone 4.0] 🔥 Trending: top
[OfferZone 4.0] 📊 FASHION → min 72% off
🔍 Opening chrome Browser...
🌐 Flipkart par jaa rahe hain...
⏬ Page scroll kar rahe hain...
📦 Products extract kar rahe hain...

⏩ Skip Kiya: Rating=0.0★, Discount=76%
⏩ Skip Kiya: Rating=0.0★, Discount=80%
⏩ Skip Kiya: Rating=0.0★, Discount=79%
⏩ Skip Kiya: Rating=0.0★, Discount=62%
⏩ Skip Kiya: Rating=0.0★, Discount=78%
🔥 Loot Deal Select Hui (Hidden Rating): POPWINGS...

✅ Scraping Complete!
🕵️‍♂️ Secret Agent ko link bhej rahe hain...
❌ Agent error: There is no current event loop in thread 'Bot-@offerr_zone_40'.. Plan B chalu...
✅ TinyURL affiliate link ready!
🔍 Checking Token... (Start: 8538243785...)
✅ Telegram par VIP Photo/Message chala gaya! (Channel: @offerr_zone_40)
[OfferZone 4.0] ✅ DEAL SENT (2/2): POPWINGS...
[OfferZone 4.0] 
⏳ Round 1/4 done. Flash scan every 3 min for 15 min...
📊 Active bots: 1 | Channels: ['OfferZone 4.0']
📊 Active bots: 1 | Channels: ['OfferZone 4.0']
📊 Active bots: 1 | Channels: ['OfferZone 4.0']
Traceback (most recent call last):
Traceback (most recent call last):
  File "C:\Users\ASUS\OneDrive\Desktop\Telegram_BOt_2\deal-hunter-bot\main.py", line 463, in <module>
    active_count = len(self.bots)
    ^
  File "C:\Users\ASUS\OneDrive\Desktop\Telegram_BOt_2\deal-hunter-bot\main.py", line 463, in <module>
    active_count = len(self.bots)
    ^
  File "C:\Users\ASUS\OneDrive\Desktop\Telegram_BOt_2\deal-hunter-bot\main.py", line 448, in run
    name = self.bots[cid].channel_name
    ^^^^^^^^^^^^^^
  File "C:\Users\ASUS\OneDrive\Desktop\Telegram_BOt_2\deal-hunter-bot\main.py", line 448, in run
    name = self.bots[cid].channel_name
    ^^^^^^^^^^^^^^
KeyboardInterrupt
KeyboardInterrupt
[OK] DB initialized / migrated.

============================================================
🤖  DEAL HUNTER BOT  —  Multi-Channel Mode
============================================================
📡 Watching DB for channels. Starting threads...


🚀 Starting bot for new channel: OfferZone 4.0 (@offerr_zone_40)
[OfferZone 4.0] 🤖 Bot thread started.📊 Active bots: 1 | Channels: ['OfferZone 4.0']

[OfferZone 4.0] 
==================================================
[OfferZone 4.0] 🌍 LIVE MARKET TREND — Round 1/4
[OfferZone 4.0] ==================================================
[OfferZone 4.0] 
🔄 Attempt 1/3
🌐 Google Trends se NAYA LIVE Market Data nikal rahe hain...
📈 Final Trend Pakda: 'top'
[OfferZone 4.0] 🔥 Trending: top
[OfferZone 4.0] 📊 FASHION → min 72% off
🔍 Opening chrome Browser...
🌐 Flipkart par jaa rahe hain...
⏬ Page scroll kar rahe hain...
📦 Products extract kar rahe hain...

⏩ Skip Kiya: Rating=0.0★, Discount=76%
⏩ Skip Kiya: Rating=0.0★, Discount=80%
⏩ Skip Kiya: Rating=0.0★, Discount=79%
⏩ Skip Kiya: Rating=0.0★, Discount=62%
⏩ Skip Kiya: Rating=0.0★, Discount=78%
🔥 Loot Deal Select Hui (Hidden Rating): POPWINGS...

✅ Scraping Complete!
🕵️‍♂️ Secret Agent ko link bhej rahe hain...
❌ Agent error: There is no current event loop in thread 'Bot-@offerr_zone_40'.. Plan B chalu...
✅ TinyURL affiliate link ready!
🔍 Checking Token... (Start: 8538243785...)
✅ Telegram par VIP Photo/Message chala gaya! (Channel: @offerr_zone_40)
[OfferZone 4.0] ✅ DEAL SENT (1/2): POPWINGS...
[OfferZone 4.0] 
🔄 Attempt 2/3
⚡ CACHE se trend nikal rahe hain (API bacha rahe hain)...
📈 Final Trend Pakda: 'top'
[OfferZone 4.0] 🔥 Trending: top
[OfferZone 4.0] 📊 FASHION → min 72% off
🔍 Opening chrome Browser...
🌐 Flipkart par jaa rahe hain...
⏬ Page scroll kar rahe hain...
📦 Products extract kar rahe hain...

⏩ Skip Kiya: Rating=0.0★, Discount=80%
⏩ Skip Kiya: Rating=0.0★, Discount=78%
⏩ Skip Kiya: Rating=0.0★, Discount=79%
⏩ Skip Kiya: Rating=0.0★, Discount=66%
🔥 Loot Deal Select Hui (Hidden Rating): POPWINGS...
⏩ Skip Kiya: Rating=0.0★, Discount=77%

✅ Scraping Complete!
[OfferZone 4.0] 🔁 Skip (sent this round): POPWINGS...
[OfferZone 4.0] 
🔄 Attempt 3/3
⚡ CACHE se trend nikal rahe hain (API bacha rahe hain)...
📈 Final Trend Pakda: 'top'
[OfferZone 4.0] 🔥 Trending: top
[OfferZone 4.0] 📊 FASHION → min 72% off
🔍 Opening chrome Browser...
🌐 Flipkart par jaa rahe hain...
⏬ Page scroll kar rahe hain...
📦 Products extract kar rahe hain...

⏩ Skip Kiya: Rating=0.0★, Discount=80%
⏩ Skip Kiya: Rating=0.0★, Discount=78%
⏩ Skip Kiya: Rating=0.0★, Discount=79%
⏩ Skip Kiya: Rating=0.0★, Discount=66%
🔥 Loot Deal Select Hui (Hidden Rating): POPWINGS...
⏩ Skip Kiya: Rating=0.0★, Discount=77%

✅ Scraping Complete!
[OfferZone 4.0] 🔁 Skip (sent this round): POPWINGS...
[OfferZone 4.0] 
⏳ Round 1/4 done. Flash scan every 3 min for 15 min...
📊 Active bots: 1 | Channels: ['OfferZone 4.0']
📊 Active bots: 1 | Channels: ['OfferZone 4.0']
📊 Active bots: 1 | Channels: ['OfferZone 4.0']
Traceback (most recent call last):
Traceback (most recent call last):
  File "C:\Users\ASUS\OneDrive\Desktop\Telegram_BOt_2\deal-hunter-bot\main.py", line 489, in <module>
    manager.run()
    ~~~~~~~~~~~^^
  File "C:\Users\ASUS\OneDrive\Desktop\Telegram_BOt_2\deal-hunter-bot\main.py", line 489, in <module>
    manager.run()
    ~~~~~~~~~~~^^
  File "C:\Users\ASUS\OneDrive\Desktop\Telegram_BOt_2\deal-hunter-bot\main.py", line 474, in run
    time.sleep(60)
    ~~~~~~~~~~^^^^
  File "C:\Users\ASUS\OneDrive\Desktop\Telegram_BOt_2\deal-hunter-bot\main.py", line 474, in run
    time.sleep(60)
    ~~~~~~~~~~^^^^
KeyboardInterrupt
KeyboardInterrupt
